// Jest Snapshot v1, https://goo.gl/fbAQLP

exports[`<ProjectCard /> snapshot 1`] = `
<div
  className="card"
>
  <img
    alt="Mahdoton tehtava"
    src=""
  />
  <section
    className="section dark"
  >
    <a
      href="/projects/1"
      onClick={[Function]}
    >
      <h5
        className="strong"
      >
        <strong>
          Mahdoton tehtava
        </strong>
      </h5>
      <p>
        Tama on vaikeaa...
      </p>
      <p>
        Budget : 
        100
      </p>
    </a>
    <button
      aria-label="edit Mahdoton tehtava"
      className=" bordered"
      onClick={[Function]}
    >
      <span
        className="icon-edit "
      />
      Edit
    </button>
  </section>
</div>
`;
